// Jest Snapshot v1, https://goo.gl/fbAQLP

exports[`renders correctly 1`] = `
<a
  className="sc-bdVaJa cxHFmo"
  itemProp="keywords"
/>
`;
